// Jest Snapshot v1, https://goo.gl/fbAQLP

exports[`CreateEvent should render with styles correctly 1`] = `
.c0 {
  display: block;
  background: #af2d2d;
  color: #fff;
  padding: 10px;
}

<div>
  <div
    class="c0"
    role="alert"
  >
    An error ocurred
  </div>
</div>
`;
